@source:dataeast/btime.cpp
btime
brubber
lnc
tisland

@source:dataeast/cninja.cpp
cninja
cninjau
edrandy

@source:sega/system1.cpp
nob
zippybug

@source:dataeast/bwing.cpp
bwings
zaviga

@source:dataeast/rohga.cpp
nitrobal

@source:dataeast/decocass.cpp
cppicf

@source:dataeast/brkthru.cpp
darwin

@source:neogeo/neogeo.cpp
strhoop

@source:dataeast/dec8.cpp
lastmisn
srdarwin
gondo

@source:dataeast/dec0.cpp
birdtry
baddudes

@source:dataeast/supbtime.cpp
supbtime

@source:dataeast/darkseal.cpp
gatedoom

@source:dataeast/simpl156.cpp
magdrop

@source:dataeast/astrof.cpp
astrof

@source:dataeast/liberate.cpp
kamikcab
dualaslt
boomrang

@source:dataeast/karnov.cpp
wndrplnt
karnov

@source:dataeast/tryout.cpp
tryout

